// Jest Snapshot v1, https://goo.gl/fbAQLP

exports[`asdf 1`] = `
<div>
  <p>
    asdf123
  </p>
</div>
`;
